C:/Ruby34-x64/lib/ruby/3.4.0/win32/registry.rb:2: warning: fiddle/import is found in fiddle, which will no longer be part of the default gems starting from Ruby 3.5.0.
You can add fiddle to your Gemfile or gemspec to silence this warning.
Configuration file: C:/Mikul/Website/kintan-portfolio/_config.yml
            Source: C:/Mikul/Website/kintan-portfolio
       Destination: C:/Mikul/Website/kintan-portfolio/_site
 Incremental build: disabled. Enable with --incremental
      Generating... 
DEPRECATION WARNING: `to_time` will always preserve the receiver timezone rather than system local time in Rails 8.1.To opt in to the new behavior, set `config.active_support.to_time_preserves_timezone = :zone`. (called from Kernel#load at C:/Ruby34-x64/bin/jekyll:25)
Terser: Minifying C:/Mikul/Website/kintan-portfolio/assets/js/bibsearch.js
Terser: Minifying C:/Mikul/Website/kintan-portfolio/assets/js/chartjs-setup.js
Terser: Minifying C:/Mikul/Website/kintan-portfolio/assets/js/common.js
Terser: Minifying C:/Mikul/Website/kintan-portfolio/assets/js/copy_code.js
Terser: Minifying C:/Mikul/Website/kintan-portfolio/assets/js/cronitor-analytics-setup.js
Terser: Minifying C:/Mikul/Website/kintan-portfolio/assets/js/diff2html-setup.js
Terser: Minifying C:/Mikul/Website/kintan-portfolio/assets/js/distillpub/template.v2.js
Terser: Minifying C:/Mikul/Website/kintan-portfolio/assets/js/distillpub/transforms.v2.js
Terser: Minifying C:/Mikul/Website/kintan-portfolio/assets/js/echarts-setup.js
Terser: Minifying C:/Mikul/Website/kintan-portfolio/assets/js/google-analytics-setup.js
Terser: Minifying C:/Mikul/Website/kintan-portfolio/assets/js/highlight-search-term.js
Terser: Minifying C:/Mikul/Website/kintan-portfolio/assets/js/jupyter_new_tab.js
Terser: Minifying C:/Mikul/Website/kintan-portfolio/assets/js/leaflet-setup.js
Terser: Minifying C:/Mikul/Website/kintan-portfolio/assets/js/masonry.js
Terser: Minifying C:/Mikul/Website/kintan-portfolio/assets/js/mathjax-setup.js
Terser: Minifying C:/Mikul/Website/kintan-portfolio/assets/js/mermaid-setup.js
Terser: Minifying C:/Mikul/Website/kintan-portfolio/assets/js/newsletter.js
Terser: Minifying C:/Mikul/Website/kintan-portfolio/assets/js/no_defer.js
Terser: Minifying C:/Mikul/Website/kintan-portfolio/assets/js/open-panel-analytics-setup.js
Terser: Minifying C:/Mikul/Website/kintan-portfolio/assets/js/photoswipe-setup.js
Terser: Minifying C:/Mikul/Website/kintan-portfolio/assets/js/plotly-setup.js
Terser: Minifying C:/Mikul/Website/kintan-portfolio/assets/js/progress-bar.js
Terser: Minifying C:/Mikul/Website/kintan-portfolio/assets/js/pseudocode-setup.js
Terser: Minifying C:/Mikul/Website/kintan-portfolio/assets/js/search-data.js
Terser: Minifying C:/Mikul/Website/kintan-portfolio/assets/js/search-setup.js
Terser: Minifying C:/Mikul/Website/kintan-portfolio/assets/js/shortcut-key.js
Terser: Minifying C:/Mikul/Website/kintan-portfolio/assets/js/theme.js
Terser: Minifying C:/Mikul/Website/kintan-portfolio/assets/js/tooltips-setup.js
Terser: Minifying C:/Mikul/Website/kintan-portfolio/assets/js/typograms.js
Terser: Minifying C:/Mikul/Website/kintan-portfolio/assets/js/vega-setup.js
Terser: Minifying C:/Mikul/Website/kintan-portfolio/assets/js/venobox-setup.js
Terser: Minifying C:/Mikul/Website/kintan-portfolio/assets/js/wechat.js
Terser: Minifying C:/Mikul/Website/kintan-portfolio/assets/js/zoom.js
       Jekyll Feed: Generating feed for posts
         AutoPages: Disabled/Not configured in site.config.
        Pagination: Complete, processed 1 pagination page(s)
       Imagemagick: Searching files in C:/Mikul/Website/kintan-portfolio/assets/img/
       Imagemagick: Generating image "C:/Mikul/Website/kintan-portfolio/_site/assets/img/1-480.webp"
[31m       Imagemagick: Command returned pid 23608 exit 4 with error Invalid Parameter - /Mikul [0m
       Imagemagick: Generating image "C:/Mikul/Website/kintan-portfolio/_site/assets/img/1-800.webp"
[31m       Imagemagick: Command returned pid 11820 exit 4 with error Invalid Parameter - /Mikul [0m
       Imagemagick: Generating image "C:/Mikul/Website/kintan-portfolio/_site/assets/img/1-1400.webp"
[31m       Imagemagick: Command returned pid 20852 exit 4 with error Invalid Parameter - /Mikul [0m
       Imagemagick: Generating image "C:/Mikul/Website/kintan-portfolio/_site/assets/img/10-480.webp"
[31m       Imagemagick: Command returned pid 38604 exit 4 with error Invalid Parameter - /Mikul [0m
       Imagemagick: Generating image "C:/Mikul/Website/kintan-portfolio/_site/assets/img/10-800.webp"
[31m       Imagemagick: Command returned pid 11304 exit 4 with error Invalid Parameter - /Mikul [0m
       Imagemagick: Generating image "C:/Mikul/Website/kintan-portfolio/_site/assets/img/10-1400.webp"
[31m       Imagemagick: Command returned pid 38700 exit 4 with error Invalid Parameter - /Mikul [0m
       Imagemagick: Generating image "C:/Mikul/Website/kintan-portfolio/_site/assets/img/11-480.webp"
[31m       Imagemagick: Command returned pid 22184 exit 4 with error Invalid Parameter - /Mikul [0m
       Imagemagick: Generating image "C:/Mikul/Website/kintan-portfolio/_site/assets/img/11-800.webp"
[31m       Imagemagick: Command returned pid 20484 exit 4 with error Invalid Parameter - /Mikul [0m
       Imagemagick: Generating image "C:/Mikul/Website/kintan-portfolio/_site/assets/img/11-1400.webp"
[31m       Imagemagick: Command returned pid 34488 exit 4 with error Invalid Parameter - /Mikul [0m
       Imagemagick: Generating image "C:/Mikul/Website/kintan-portfolio/_site/assets/img/12-480.webp"
[31m       Imagemagick: Command returned pid 17140 exit 4 with error Invalid Parameter - /Mikul [0m
       Imagemagick: Generating image "C:/Mikul/Website/kintan-portfolio/_site/assets/img/12-800.webp"
[31m       Imagemagick: Command returned pid 38448 exit 4 with error Invalid Parameter - /Mikul [0m
       Imagemagick: Generating image "C:/Mikul/Website/kintan-portfolio/_site/assets/img/12-1400.webp"
[31m       Imagemagick: Command returned pid 17836 exit 4 with error Invalid Parameter - /Mikul [0m
       Imagemagick: Generating image "C:/Mikul/Website/kintan-portfolio/_site/assets/img/2-480.webp"
[31m       Imagemagick: Command returned pid 38092 exit 4 with error Invalid Parameter - /Mikul [0m
       Imagemagick: Generating image "C:/Mikul/Website/kintan-portfolio/_site/assets/img/2-800.webp"
[31m       Imagemagick: Command returned pid 25340 exit 4 with error Invalid Parameter - /Mikul [0m
       Imagemagick: Generating image "C:/Mikul/Website/kintan-portfolio/_site/assets/img/2-1400.webp"
[31m       Imagemagick: Command returned pid 24924 exit 4 with error Invalid Parameter - /Mikul [0m
       Imagemagick: Generating image "C:/Mikul/Website/kintan-portfolio/_site/assets/img/2023-08-04-480.webp"
[31m       Imagemagick: Command returned pid 23332 exit 4 with error Invalid Parameter - /Mikul [0m
       Imagemagick: Generating image "C:/Mikul/Website/kintan-portfolio/_site/assets/img/2023-08-04-800.webp"
[31m       Imagemagick: Command returned pid 38800 exit 4 with error Invalid Parameter - /Mikul [0m
       Imagemagick: Generating image "C:/Mikul/Website/kintan-portfolio/_site/assets/img/2023-08-04-1400.webp"
[31m       Imagemagick: Command returned pid 11868 exit 4 with error Invalid Parameter - /Mikul [0m
       Imagemagick: Generating image "C:/Mikul/Website/kintan-portfolio/_site/assets/img/2023-10-14-480.webp"
[31m       Imagemagick: Command returned pid 4864 exit 4 with error Invalid Parameter - /Mikul [0m
       Imagemagick: Generating image "C:/Mikul/Website/kintan-portfolio/_site/assets/img/2023-10-14-800.webp"
[31m       Imagemagick: Command returned pid 16480 exit 4 with error Invalid Parameter - /Mikul [0m
       Imagemagick: Generating image "C:/Mikul/Website/kintan-portfolio/_site/assets/img/2023-10-14-1400.webp"
[31m       Imagemagick: Command returned pid 32660 exit 4 with error Invalid Parameter - /Mikul [0m
       Imagemagick: Generating image "C:/Mikul/Website/kintan-portfolio/_site/assets/img/2023-11-18-480.webp"
[31m       Imagemagick: Command returned pid 32748 exit 4 with error Invalid Parameter - /Mikul [0m
       Imagemagick: Generating image "C:/Mikul/Website/kintan-portfolio/_site/assets/img/2023-11-18-800.webp"
[31m       Imagemagick: Command returned pid 38296 exit 4 with error Invalid Parameter - /Mikul [0m
       Imagemagick: Generating image "C:/Mikul/Website/kintan-portfolio/_site/assets/img/2023-11-18-1400.webp"
[31m       Imagemagick: Command returned pid 26724 exit 4 with error Invalid Parameter - /Mikul [0m
       Imagemagick: Generating image "C:/Mikul/Website/kintan-portfolio/_site/assets/img/2024-03-23-480.webp"
[31m       Imagemagick: Command returned pid 26656 exit 4 with error Invalid Parameter - /Mikul [0m
       Imagemagick: Generating image "C:/Mikul/Website/kintan-portfolio/_site/assets/img/2024-03-23-800.webp"
[31m       Imagemagick: Command returned pid 37116 exit 4 with error Invalid Parameter - /Mikul [0m
       Imagemagick: Generating image "C:/Mikul/Website/kintan-portfolio/_site/assets/img/2024-03-23-1400.webp"
[31m       Imagemagick: Command returned pid 34276 exit 4 with error Invalid Parameter - /Mikul [0m
       Imagemagick: Generating image "C:/Mikul/Website/kintan-portfolio/_site/assets/img/2024-08-03-480.webp"
[31m       Imagemagick: Command returned pid 35888 exit 4 with error Invalid Parameter - /Mikul [0m
       Imagemagick: Generating image "C:/Mikul/Website/kintan-portfolio/_site/assets/img/2024-08-03-800.webp"
[31m       Imagemagick: Command returned pid 23396 exit 4 with error Invalid Parameter - /Mikul [0m
       Imagemagick: Generating image "C:/Mikul/Website/kintan-portfolio/_site/assets/img/2024-08-03-1400.webp"
[31m       Imagemagick: Command returned pid 37052 exit 4 with error Invalid Parameter - /Mikul [0m
       Imagemagick: Generating image "C:/Mikul/Website/kintan-portfolio/_site/assets/img/2024-11-01-480.webp"
[31m       Imagemagick: Command returned pid 23500 exit 4 with error Invalid Parameter - /Mikul [0m
       Imagemagick: Generating image "C:/Mikul/Website/kintan-portfolio/_site/assets/img/2024-11-01-800.webp"
[31m       Imagemagick: Command returned pid 3924 exit 4 with error Invalid Parameter - /Mikul [0m
       Imagemagick: Generating image "C:/Mikul/Website/kintan-portfolio/_site/assets/img/2024-11-01-1400.webp"
[31m       Imagemagick: Command returned pid 11812 exit 4 with error Invalid Parameter - /Mikul [0m
       Imagemagick: Generating image "C:/Mikul/Website/kintan-portfolio/_site/assets/img/2024-12-28-480.webp"
[31m       Imagemagick: Command returned pid 24648 exit 4 with error Invalid Parameter - /Mikul [0m
       Imagemagick: Generating image "C:/Mikul/Website/kintan-portfolio/_site/assets/img/2024-12-28-800.webp"
[31m       Imagemagick: Command returned pid 30128 exit 4 with error Invalid Parameter - /Mikul [0m
       Imagemagick: Generating image "C:/Mikul/Website/kintan-portfolio/_site/assets/img/2024-12-28-1400.webp"
[31m       Imagemagick: Command returned pid 25144 exit 4 with error Invalid Parameter - /Mikul [0m
       Imagemagick: Generating image "C:/Mikul/Website/kintan-portfolio/_site/assets/img/3-480.webp"
[31m       Imagemagick: Command returned pid 14976 exit 4 with error Invalid Parameter - /Mikul [0m
       Imagemagick: Generating image "C:/Mikul/Website/kintan-portfolio/_site/assets/img/3-800.webp"
[31m       Imagemagick: Command returned pid 15976 exit 4 with error Invalid Parameter - /Mikul [0m
       Imagemagick: Generating image "C:/Mikul/Website/kintan-portfolio/_site/assets/img/3-1400.webp"
[31m       Imagemagick: Command returned pid 35272 exit 4 with error Invalid Parameter - /Mikul [0m
       Imagemagick: Generating image "C:/Mikul/Website/kintan-portfolio/_site/assets/img/4-480.webp"
[31m       Imagemagick: Command returned pid 21060 exit 4 with error Invalid Parameter - /Mikul [0m
       Imagemagick: Generating image "C:/Mikul/Website/kintan-portfolio/_site/assets/img/4-800.webp"
[31m       Imagemagick: Command returned pid 24732 exit 4 with error Invalid Parameter - /Mikul [0m
       Imagemagick: Generating image "C:/Mikul/Website/kintan-portfolio/_site/assets/img/4-1400.webp"
[31m       Imagemagick: Command returned pid 11376 exit 4 with error Invalid Parameter - /Mikul [0m
       Imagemagick: Generating image "C:/Mikul/Website/kintan-portfolio/_site/assets/img/5-480.webp"
[31m       Imagemagick: Command returned pid 19056 exit 4 with error Invalid Parameter - /Mikul [0m
       Imagemagick: Generating image "C:/Mikul/Website/kintan-portfolio/_site/assets/img/5-800.webp"
[31m       Imagemagick: Command returned pid 33560 exit 4 with error Invalid Parameter - /Mikul [0m
       Imagemagick: Generating image "C:/Mikul/Website/kintan-portfolio/_site/assets/img/5-1400.webp"
[31m       Imagemagick: Command returned pid 36708 exit 4 with error Invalid Parameter - /Mikul [0m
       Imagemagick: Generating image "C:/Mikul/Website/kintan-portfolio/_site/assets/img/6-480.webp"
[31m       Imagemagick: Command returned pid 38520 exit 4 with error Invalid Parameter - /Mikul [0m
       Imagemagick: Generating image "C:/Mikul/Website/kintan-portfolio/_site/assets/img/6-800.webp"
[31m       Imagemagick: Command returned pid 24540 exit 4 with error Invalid Parameter - /Mikul [0m
       Imagemagick: Generating image "C:/Mikul/Website/kintan-portfolio/_site/assets/img/6-1400.webp"
[31m       Imagemagick: Command returned pid 24872 exit 4 with error Invalid Parameter - /Mikul [0m
       Imagemagick: Generating image "C:/Mikul/Website/kintan-portfolio/_site/assets/img/7-480.webp"
[31m       Imagemagick: Command returned pid 37536 exit 4 with error Invalid Parameter - /Mikul [0m
       Imagemagick: Generating image "C:/Mikul/Website/kintan-portfolio/_site/assets/img/7-800.webp"
[31m       Imagemagick: Command returned pid 12888 exit 4 with error Invalid Parameter - /Mikul [0m
       Imagemagick: Generating image "C:/Mikul/Website/kintan-portfolio/_site/assets/img/7-1400.webp"
[31m       Imagemagick: Command returned pid 18460 exit 4 with error Invalid Parameter - /Mikul [0m
       Imagemagick: Generating image "C:/Mikul/Website/kintan-portfolio/_site/assets/img/8-480.webp"
[31m       Imagemagick: Command returned pid 7224 exit 4 with error Invalid Parameter - /Mikul [0m
       Imagemagick: Generating image "C:/Mikul/Website/kintan-portfolio/_site/assets/img/8-800.webp"
[31m       Imagemagick: Command returned pid 15320 exit 4 with error Invalid Parameter - /Mikul [0m
       Imagemagick: Generating image "C:/Mikul/Website/kintan-portfolio/_site/assets/img/8-1400.webp"
[31m       Imagemagick: Command returned pid 2396 exit 4 with error Invalid Parameter - /Mikul [0m
       Imagemagick: Generating image "C:/Mikul/Website/kintan-portfolio/_site/assets/img/9-480.webp"
[31m       Imagemagick: Command returned pid 29736 exit 4 with error Invalid Parameter - /Mikul [0m
       Imagemagick: Generating image "C:/Mikul/Website/kintan-portfolio/_site/assets/img/9-800.webp"
[31m       Imagemagick: Command returned pid 34688 exit 4 with error Invalid Parameter - /Mikul [0m
       Imagemagick: Generating image "C:/Mikul/Website/kintan-portfolio/_site/assets/img/9-1400.webp"
[31m       Imagemagick: Command returned pid 21960 exit 4 with error Invalid Parameter - /Mikul [0m
       Imagemagick: Generating image "C:/Mikul/Website/kintan-portfolio/_site/assets/img/CSM-2017-480.webp"
[31m       Imagemagick: Command returned pid 34128 exit 4 with error Invalid Parameter - /Mikul [0m
       Imagemagick: Generating image "C:/Mikul/Website/kintan-portfolio/_site/assets/img/CSM-2017-800.webp"
[31m       Imagemagick: Command returned pid 8944 exit 4 with error Invalid Parameter - /Mikul [0m
       Imagemagick: Generating image "C:/Mikul/Website/kintan-portfolio/_site/assets/img/CSM-2017-1400.webp"
[31m       Imagemagick: Command returned pid 10744 exit 4 with error Invalid Parameter - /Mikul [0m
       Imagemagick: Generating image "C:/Mikul/Website/kintan-portfolio/_site/assets/img/CSM-2018-480.webp"
[31m       Imagemagick: Command returned pid 28372 exit 4 with error Invalid Parameter - /Mikul [0m
       Imagemagick: Generating image "C:/Mikul/Website/kintan-portfolio/_site/assets/img/CSM-2018-800.webp"
[31m       Imagemagick: Command returned pid 33864 exit 4 with error Invalid Parameter - /Mikul [0m
       Imagemagick: Generating image "C:/Mikul/Website/kintan-portfolio/_site/assets/img/CSM-2018-1400.webp"
[31m       Imagemagick: Command returned pid 16116 exit 4 with error Invalid Parameter - /Mikul [0m
       Imagemagick: Generating image "C:/Mikul/Website/kintan-portfolio/_site/assets/img/Im Alright-480.webp"
[31m       Imagemagick: Command returned pid 30028 exit 4 with error Invalid Parameter - /Mikul [0m
       Imagemagick: Generating image "C:/Mikul/Website/kintan-portfolio/_site/assets/img/Im Alright-800.webp"
[31m       Imagemagick: Command returned pid 18392 exit 4 with error Invalid Parameter - /Mikul [0m
       Imagemagick: Generating image "C:/Mikul/Website/kintan-portfolio/_site/assets/img/Im Alright-1400.webp"
[31m       Imagemagick: Command returned pid 15680 exit 4 with error Invalid Parameter - /Mikul [0m
       Imagemagick: Generating image "C:/Mikul/Website/kintan-portfolio/_site/assets/img/Never Meant-480.webp"
[31m       Imagemagick: Command returned pid 34932 exit 4 with error Invalid Parameter - /Mikul [0m
       Imagemagick: Generating image "C:/Mikul/Website/kintan-portfolio/_site/assets/img/Never Meant-800.webp"
[31m       Imagemagick: Command returned pid 16836 exit 4 with error Invalid Parameter - /Mikul [0m
       Imagemagick: Generating image "C:/Mikul/Website/kintan-portfolio/_site/assets/img/Never Meant-1400.webp"
[31m       Imagemagick: Command returned pid 35212 exit 4 with error Invalid Parameter - /Mikul [0m
       Imagemagick: Generating image "C:/Mikul/Website/kintan-portfolio/_site/assets/img/OptiverFocus-480.webp"
[31m       Imagemagick: Command returned pid 36672 exit 4 with error Invalid Parameter - /Mikul [0m
       Imagemagick: Generating image "C:/Mikul/Website/kintan-portfolio/_site/assets/img/OptiverFocus-800.webp"
[31m       Imagemagick: Command returned pid 640 exit 4 with error Invalid Parameter - /Mikul [0m
       Imagemagick: Generating image "C:/Mikul/Website/kintan-portfolio/_site/assets/img/OptiverFocus-1400.webp"
[31m       Imagemagick: Command returned pid 4200 exit 4 with error Invalid Parameter - /Mikul [0m
       Imagemagick: Generating image "C:/Mikul/Website/kintan-portfolio/_site/assets/img/Pull Me Under-480.webp"
[31m       Imagemagick: Command returned pid 3304 exit 4 with error Invalid Parameter - /Mikul [0m
       Imagemagick: Generating image "C:/Mikul/Website/kintan-portfolio/_site/assets/img/Pull Me Under-800.webp"
[31m       Imagemagick: Command returned pid 4660 exit 4 with error Invalid Parameter - /Mikul [0m
       Imagemagick: Generating image "C:/Mikul/Website/kintan-portfolio/_site/assets/img/Pull Me Under-1400.webp"
[31m       Imagemagick: Command returned pid 30520 exit 4 with error Invalid Parameter - /Mikul [0m
       Imagemagick: Generating image "C:/Mikul/Website/kintan-portfolio/_site/assets/img/PullMeUnder-480.webp"
[31m       Imagemagick: Command returned pid 22932 exit 4 with error Invalid Parameter - /Mikul [0m
       Imagemagick: Generating image "C:/Mikul/Website/kintan-portfolio/_site/assets/img/PullMeUnder-800.webp"
[31m       Imagemagick: Command returned pid 13668 exit 4 with error Invalid Parameter - /Mikul [0m
       Imagemagick: Generating image "C:/Mikul/Website/kintan-portfolio/_site/assets/img/PullMeUnder-1400.webp"
[31m       Imagemagick: Command returned pid 14364 exit 4 with error Invalid Parameter - /Mikul [0m
       Imagemagick: Generating image "C:/Mikul/Website/kintan-portfolio/_site/assets/img/Shiva-480.webp"
[31m       Imagemagick: Command returned pid 24764 exit 4 with error Invalid Parameter - /Mikul [0m
       Imagemagick: Generating image "C:/Mikul/Website/kintan-portfolio/_site/assets/img/Shiva-800.webp"
[31m       Imagemagick: Command returned pid 34656 exit 4 with error Invalid Parameter - /Mikul [0m
       Imagemagick: Generating image "C:/Mikul/Website/kintan-portfolio/_site/assets/img/Shiva-1400.webp"
[31m       Imagemagick: Command returned pid 34784 exit 4 with error Invalid Parameter - /Mikul [0m
       Imagemagick: Generating image "C:/Mikul/Website/kintan-portfolio/_site/assets/img/book_covers/the_godfather-480.webp"
[31m       Imagemagick: Command returned pid 38124 exit 4 with error Invalid Parameter - /Mikul [0m
       Imagemagick: Generating image "C:/Mikul/Website/kintan-portfolio/_site/assets/img/book_covers/the_godfather-800.webp"
[31m       Imagemagick: Command returned pid 33800 exit 4 with error Invalid Parameter - /Mikul [0m
       Imagemagick: Generating image "C:/Mikul/Website/kintan-portfolio/_site/assets/img/book_covers/the_godfather-1400.webp"
[31m       Imagemagick: Command returned pid 36652 exit 4 with error Invalid Parameter - /Mikul [0m
       Imagemagick: Generating image "C:/Mikul/Website/kintan-portfolio/_site/assets/img/cover-2024-08-03-480.webp"
[31m       Imagemagick: Command returned pid 38048 exit 4 with error Invalid Parameter - /Mikul [0m
       Imagemagick: Generating image "C:/Mikul/Website/kintan-portfolio/_site/assets/img/cover-2024-08-03-800.webp"
[31m       Imagemagick: Command returned pid 21692 exit 4 with error Invalid Parameter - /Mikul [0m
       Imagemagick: Generating image "C:/Mikul/Website/kintan-portfolio/_site/assets/img/cover-2024-08-03-1400.webp"
[31m       Imagemagick: Command returned pid 14936 exit 4 with error Invalid Parameter - /Mikul [0m
       Imagemagick: Generating image "C:/Mikul/Website/kintan-portfolio/_site/assets/img/cover-2024-12-28-480.webp"
[31m       Imagemagick: Command returned pid 26664 exit 4 with error Invalid Parameter - /Mikul [0m
       Imagemagick: Generating image "C:/Mikul/Website/kintan-portfolio/_site/assets/img/cover-2024-12-28-800.webp"
[31m       Imagemagick: Command returned pid 9852 exit 4 with error Invalid Parameter - /Mikul [0m
       Imagemagick: Generating image "C:/Mikul/Website/kintan-portfolio/_site/assets/img/cover-2024-12-28-1400.webp"
[31m       Imagemagick: Command returned pid 31144 exit 4 with error Invalid Parameter - /Mikul [0m
       Imagemagick: Generating image "C:/Mikul/Website/kintan-portfolio/_site/assets/img/kintansaha-480.webp"
[31m       Imagemagick: Command returned pid 36952 exit 4 with error Invalid Parameter - /Mikul [0m
       Imagemagick: Generating image "C:/Mikul/Website/kintan-portfolio/_site/assets/img/kintansaha-800.webp"
[31m       Imagemagick: Command returned pid 25264 exit 4 with error Invalid Parameter - /Mikul [0m
       Imagemagick: Generating image "C:/Mikul/Website/kintan-portfolio/_site/assets/img/kintansaha-1400.webp"
[31m       Imagemagick: Command returned pid 12760 exit 4 with error Invalid Parameter - /Mikul [0m
       Imagemagick: Generating image "C:/Mikul/Website/kintan-portfolio/_site/assets/img/prof_pic-original-480.webp"
[31m       Imagemagick: Command returned pid 15448 exit 4 with error Invalid Parameter - /Mikul [0m
       Imagemagick: Generating image "C:/Mikul/Website/kintan-portfolio/_site/assets/img/prof_pic-original-800.webp"
[31m       Imagemagick: Command returned pid 11196 exit 4 with error Invalid Parameter - /Mikul [0m
       Imagemagick: Generating image "C:/Mikul/Website/kintan-portfolio/_site/assets/img/prof_pic-original-1400.webp"
[31m       Imagemagick: Command returned pid 28076 exit 4 with error Invalid Parameter - /Mikul [0m
       Imagemagick: Generating image "C:/Mikul/Website/kintan-portfolio/_site/assets/img/prof_pic_color-480.webp"
[31m       Imagemagick: Command returned pid 35972 exit 4 with error Invalid Parameter - /Mikul [0m
       Imagemagick: Generating image "C:/Mikul/Website/kintan-portfolio/_site/assets/img/prof_pic_color-800.webp"
[31m       Imagemagick: Command returned pid 26016 exit 4 with error Invalid Parameter - /Mikul [0m
       Imagemagick: Generating image "C:/Mikul/Website/kintan-portfolio/_site/assets/img/prof_pic_color-1400.webp"
[31m       Imagemagick: Command returned pid 31356 exit 4 with error Invalid Parameter - /Mikul [0m
       Imagemagick: Generating image "C:/Mikul/Website/kintan-portfolio/_site/assets/img/publication_preview/brownian-motion-480.webp"
[31m       Imagemagick: Command returned pid 37516 exit 4 with error Invalid Parameter - /Mikul [0m
       Imagemagick: Generating image "C:/Mikul/Website/kintan-portfolio/_site/assets/img/publication_preview/brownian-motion-800.webp"
[31m       Imagemagick: Command returned pid 38596 exit 4 with error Invalid Parameter - /Mikul [0m
       Imagemagick: Generating image "C:/Mikul/Website/kintan-portfolio/_site/assets/img/publication_preview/brownian-motion-1400.webp"
[31m       Imagemagick: Command returned pid 27524 exit 4 with error Invalid Parameter - /Mikul [0m
       Imagemagick: Generating image "C:/Mikul/Website/kintan-portfolio/_site/assets/img/publication_preview/wave-mechanics-480.webp"
[31m       Imagemagick: Command returned pid 3232 exit 4 with error Invalid Parameter - /Mikul [0m
       Imagemagick: Generating image "C:/Mikul/Website/kintan-portfolio/_site/assets/img/publication_preview/wave-mechanics-800.webp"
[31m       Imagemagick: Command returned pid 26512 exit 4 with error Invalid Parameter - /Mikul [0m
       Imagemagick: Generating image "C:/Mikul/Website/kintan-portfolio/_site/assets/img/publication_preview/wave-mechanics-1400.webp"
[31m       Imagemagick: Command returned pid 34360 exit 4 with error Invalid Parameter - /Mikul [0m
       Imagemagick: Generating image "C:/Mikul/Website/kintan-portfolio/_site/assets/img/template_error-480.webp"
[31m       Imagemagick: Command returned pid 26376 exit 4 with error Invalid Parameter - /Mikul [0m
       Imagemagick: Generating image "C:/Mikul/Website/kintan-portfolio/_site/assets/img/template_error-800.webp"
[31m       Imagemagick: Command returned pid 20060 exit 4 with error Invalid Parameter - /Mikul [0m
       Imagemagick: Generating image "C:/Mikul/Website/kintan-portfolio/_site/assets/img/template_error-1400.webp"
[31m       Imagemagick: Command returned pid 36640 exit 4 with error Invalid Parameter - /Mikul [0m
       Imagemagick: Generating image "C:/Mikul/Website/kintan-portfolio/_site/assets/img/ten words-480.webp"
[31m       Imagemagick: Command returned pid 2792 exit 4 with error Invalid Parameter - /Mikul [0m
       Imagemagick: Generating image "C:/Mikul/Website/kintan-portfolio/_site/assets/img/ten words-800.webp"
[31m       Imagemagick: Command returned pid 3788 exit 4 with error Invalid Parameter - /Mikul [0m
       Imagemagick: Generating image "C:/Mikul/Website/kintan-portfolio/_site/assets/img/ten words-1400.webp"
[31m       Imagemagick: Command returned pid 4844 exit 4 with error Invalid Parameter - /Mikul [0m
       Imagemagick: Generated 111 file(s)
DEPRECATION WARNING [import]: Sass @import rules are deprecated and will be removed in Dart Sass 3.0.0.

More info and automated migrator: https://sass-lang.com/d/import

  ╷
7 │   "variables",
  │   ^^^^^^^^^^^
  ╵
    C:\Mikul\Website\kintan-portfolio\assets\css\main.scss 7:3  root stylesheet
DEPRECATION WARNING [import]: Sass @import rules are deprecated and will be removed in Dart Sass 3.0.0.

More info and automated migrator: https://sass-lang.com/d/import

  ╷
8 │   "themes",
  │   ^^^^^^^^
  ╵
    C:\Mikul\Website\kintan-portfolio\assets\css\main.scss 8:3  root stylesheet
DEPRECATION WARNING [import]: Sass @import rules are deprecated and will be removed in Dart Sass 3.0.0.

More info and automated migrator: https://sass-lang.com/d/import

  ╷
9 │   "layout",
  │   ^^^^^^^^
  ╵
    C:\Mikul\Website\kintan-portfolio\assets\css\main.scss 9:3  root stylesheet
DEPRECATION WARNING [import]: Sass @import rules are deprecated and will be removed in Dart Sass 3.0.0.

More info and automated migrator: https://sass-lang.com/d/import

   ╷
10 │   "base",
   │   ^^^^^^
   ╵
    C:\Mikul\Website\kintan-portfolio\assets\css\main.scss 10:3  root stylesheet
DEPRECATION WARNING [import]: Sass @import rules are deprecated and will be removed in Dart Sass 3.0.0.

More info and automated migrator: https://sass-lang.com/d/import

   ╷
11 │   "distill",
   │   ^^^^^^^^^
   ╵
    C:\Mikul\Website\kintan-portfolio\assets\css\main.scss 11:3  root stylesheet
DEPRECATION WARNING [global-builtin]: Global built-in functions are deprecated and will be removed in Dart Sass 3.0.0.
Use string.unquote instead.

More info and automated migrator: https://sass-lang.com/d/import

  ╷
9 │     #{$fa-icon-property}: unquote("\"#{ $icon }\"");
  │                           ^^^^^^^^^^^^^^^^^^^^^^^^^
  ╵
    C:\Mikul\Website\kintan-portfolio\_sass\font-awesome\_icons.scss 9:27  @import
    font-awesome\fontawesome.scss 20:9                                     @import
    C:\Mikul\Website\kintan-portfolio\assets\css\main.scss 15:3            root stylesheet
DEPRECATION WARNING [global-builtin]: Global built-in functions are deprecated and will be removed in Dart Sass 3.0.0.
Use string.unquote instead.

More info and automated migrator: https://sass-lang.com/d/import

   ╷
10 │     #{$fa-duotone-icon-property}: unquote("\"#{$icon}#{$icon}\"");
   │                                   ^^^^^^^^^^^^^^^^^^^^^^^^^^^^^^^
   ╵
    C:\Mikul\Website\kintan-portfolio\_sass\font-awesome\_icons.scss 10:35  @import
    font-awesome\fontawesome.scss 20:9                                      @import
    C:\Mikul\Website\kintan-portfolio\assets\css\main.scss 15:3             root stylesheet
DEPRECATION WARNING [global-builtin]: Global built-in functions are deprecated and will be removed in Dart Sass 3.0.0.
Use string.unquote instead.

More info and automated migrator: https://sass-lang.com/d/import

   ╷
29 │   .#{$fa-css-prefix}-#{$name} { #{$fa-icon-property}: unquote("\"#{ $icon }\""); }
   │                                                       ^^^^^^^^^^^^^^^^^^^^^^^^^
   ╵
    font-awesome\brands.scss 29:55                               @import
    C:\Mikul\Website\kintan-portfolio\assets\css\main.scss 16:3  root stylesheet
DEPRECATION WARNING [global-builtin]: Global built-in functions are deprecated and will be removed in Dart Sass 3.0.0.
Use string.unquote instead.

More info and automated migrator: https://sass-lang.com/d/import

   ╷
36 │   @return unquote("\"")+unquote(str-insert($str, "\\", 1))+unquote("\"")
   │           ^^^^^^^^^^^^^
   ╵
    tabler-icons\tabler-icons.scss 36:11                         unicode()
    tabler-icons\tabler-icons.scss 40:15                         @import
    C:\Mikul\Website\kintan-portfolio\assets\css\main.scss 19:3  root stylesheet
DEPRECATION WARNING [global-builtin]: Global built-in functions are deprecated and will be removed in Dart Sass 3.0.0.
Use string.insert instead.

More info and automated migrator: https://sass-lang.com/d/import

   ╷
36 │   @return unquote("\"")+unquote(str-insert($str, "\\", 1))+unquote("\"")
   │                                 ^^^^^^^^^^^^^^^^^^^^^^^^^
   ╵
    tabler-icons\tabler-icons.scss 36:33                         unicode()
    tabler-icons\tabler-icons.scss 40:15                         @import
    C:\Mikul\Website\kintan-portfolio\assets\css\main.scss 19:3  root stylesheet
WARNING: 39 repetitive deprecation warnings omitted.
Run in verbose mode to see all warnings.
[NbConvertApp] Converting notebook C:/Users/subha/AppData/Local/Temp/jekyll-jupyter-notebook20260110-10788-w5e7e8.ipynb to html
[33m          Conflict: The following destination is shared by multiple files.[0m
[33m                    The written file may end up with unexpected contents.[0m
[33m                    [36mC:/Mikul/Website/kintan-portfolio/_site/404.html[0m[0m
[33m                     - _pages/404.md[0m
[33m                     - C:/Mikul/Website/kintan-portfolio/404.html[0m
[33m                    [0m
[33m          Conflict: The following destination is shared by multiple files.[0m
[33m                    The written file may end up with unexpected contents.[0m
[33m                    [36mC:/Mikul/Website/kintan-portfolio/_site/iisc-course-summary/index.html[0m[0m
[33m                     - _pages/course-summary.md[0m
[33m                     - C:/Mikul/Website/kintan-portfolio/iisc-course-summary/index.html[0m
[33m                    [0m
[33m          Conflict: The following destination is shared by multiple files.[0m
[33m                    The written file may end up with unexpected contents.[0m
[33m                    [36mC:/Mikul/Website/kintan-portfolio/_site/_pages/courses/index.html[0m[0m
[33m                     - _pages/courses.md[0m
[33m                     - C:/Mikul/Website/kintan-portfolio/_pages/courses/index.html[0m
[33m                    [0m
[33m          Conflict: The following destination is shared by multiple files.[0m
[33m                    The written file may end up with unexpected contents.[0m
[33m                    [36mC:/Mikul/Website/kintan-portfolio/_site/assets/js/cronitor-analytics-setup.js[0m[0m
[33m                     - _scripts/cronitor-analytics-setup.js[0m
[33m                     - C:/Mikul/Website/kintan-portfolio/assets/js/cronitor-analytics-setup.js[0m
[33m                    [0m
[33m          Conflict: The following destination is shared by multiple files.[0m
[33m                    The written file may end up with unexpected contents.[0m
[33m                    [36mC:/Mikul/Website/kintan-portfolio/_site/cv/index.html[0m[0m
[33m                     - _pages/cv.md[0m
[33m                     - C:/Mikul/Website/kintan-portfolio/cv/index.html[0m
[33m                    [0m
[33m          Conflict: The following destination is shared by multiple files.[0m
[33m                    The written file may end up with unexpected contents.[0m
[33m                    [36mC:/Mikul/Website/kintan-portfolio/_site/assets/js/google-analytics-setup.js[0m[0m
[33m                     - _scripts/google-analytics-setup.js[0m
[33m                     - C:/Mikul/Website/kintan-portfolio/assets/js/google-analytics-setup.js[0m
[33m                    [0m
[33m          Conflict: The following destination is shared by multiple files.[0m
[33m                    The written file may end up with unexpected contents.[0m
[33m                    [36mC:/Mikul/Website/kintan-portfolio/_site/assets/css/main.css[0m[0m
[33m                     - assets/css/main.scss[0m
[33m                     - C:/Mikul/Website/kintan-portfolio/assets/css/main.css[0m
[33m                    [0m
[33m          Conflict: The following destination is shared by multiple files.[0m
[33m                    The written file may end up with unexpected contents.[0m
[33m                    [36mC:/Mikul/Website/kintan-portfolio/_site/news/index.html[0m[0m
[33m                     - _pages/news.md[0m
[33m                     - C:/Mikul/Website/kintan-portfolio/news/index.html[0m
[33m                    [0m
[33m          Conflict: The following destination is shared by multiple files.[0m
[33m                    The written file may end up with unexpected contents.[0m
[33m                    [36mC:/Mikul/Website/kintan-portfolio/_site/assets/js/open-panel-analytics-setup.js[0m[0m
[33m                     - _scripts/open-panel-analytics-setup.js[0m
[33m                     - C:/Mikul/Website/kintan-portfolio/assets/js/open-panel-analytics-setup.js[0m
[33m                    [0m
[33m          Conflict: The following destination is shared by multiple files.[0m
[33m                    The written file may end up with unexpected contents.[0m
[33m                    [36mC:/Mikul/Website/kintan-portfolio/_site/music/index.html[0m[0m
[33m                     - _pages/passion.md[0m
[33m                     - C:/Mikul/Website/kintan-portfolio/music/index.html[0m
[33m                    [0m
[33m          Conflict: The following destination is shared by multiple files.[0m
[33m                    The written file may end up with unexpected contents.[0m
[33m                    [36mC:/Mikul/Website/kintan-portfolio/_site/assets/js/photoswipe-setup.js[0m[0m
[33m                     - _scripts/photoswipe-setup.js[0m
[33m                     - C:/Mikul/Website/kintan-portfolio/assets/js/photoswipe-setup.js[0m
[33m                    [0m
[33m          Conflict: The following destination is shared by multiple files.[0m
[33m                    The written file may end up with unexpected contents.[0m
[33m                    [36mC:/Mikul/Website/kintan-portfolio/_site/projects/index.html[0m[0m
[33m                     - _pages/projects.md[0m
[33m                     - C:/Mikul/Website/kintan-portfolio/projects/index.html[0m
[33m                    [0m
[33m          Conflict: The following destination is shared by multiple files.[0m
[33m                    The written file may end up with unexpected contents.[0m
[33m                    [36mC:/Mikul/Website/kintan-portfolio/_site/publications/index.html[0m[0m
[33m                     - _pages/publications.md[0m
[33m                     - C:/Mikul/Website/kintan-portfolio/publications/index.html[0m
[33m                    [0m
[33m          Conflict: The following destination is shared by multiple files.[0m
[33m                    The written file may end up with unexpected contents.[0m
[33m                    [36mC:/Mikul/Website/kintan-portfolio/_site/repositories/index.html[0m[0m
[33m                     - _pages/repositories.md[0m
[33m                     - C:/Mikul/Website/kintan-portfolio/repositories/index.html[0m
[33m                    [0m
[33m          Conflict: The following destination is shared by multiple files.[0m
[33m                    The written file may end up with unexpected contents.[0m
[33m                    [36mC:/Mikul/Website/kintan-portfolio/_site/assets/js/search-data.js[0m[0m
[33m                     - _scripts/search.liquid.js[0m
[33m                     - C:/Mikul/Website/kintan-portfolio/assets/js/search-data.js[0m
[33m                    [0m
[33m          Conflict: The following destination is shared by multiple files.[0m
[33m                    The written file may end up with unexpected contents.[0m
[33m                    [36mC:/Mikul/Website/kintan-portfolio/_site/sem1-cs-courses/index.html[0m[0m
[33m                     - _pages/sem1-cs.md[0m
[33m                     - C:/Mikul/Website/kintan-portfolio/sem1-cs-courses/index.html[0m
[33m                    [0m
[33m          Conflict: The following destination is shared by multiple files.[0m
[33m                    The written file may end up with unexpected contents.[0m
[33m                    [36mC:/Mikul/Website/kintan-portfolio/_site/sem1-math-courses/index.html[0m[0m
[33m                     - _pages/sem1-math.md[0m
[33m                     - C:/Mikul/Website/kintan-portfolio/sem1-math-courses/index.html[0m
[33m                    [0m
[33m          Conflict: The following destination is shared by multiple files.[0m
[33m                    The written file may end up with unexpected contents.[0m
[33m                    [36mC:/Mikul/Website/kintan-portfolio/_site/sem2-cs-courses/index.html[0m[0m
[33m                     - _pages/sem2-cs.md[0m
[33m                     - C:/Mikul/Website/kintan-portfolio/sem2-cs-courses/index.html[0m
[33m                    [0m
[33m          Conflict: The following destination is shared by multiple files.[0m
[33m                    The written file may end up with unexpected contents.[0m
[33m                    [36mC:/Mikul/Website/kintan-portfolio/_site/sem2-math-courses/index.html[0m[0m
[33m                     - _pages/sem2-math.md[0m
[33m                     - C:/Mikul/Website/kintan-portfolio/sem2-math-courses/index.html[0m
[33m                    [0m
[33m          Conflict: The following destination is shared by multiple files.[0m
[33m                    The written file may end up with unexpected contents.[0m
[33m                    [36mC:/Mikul/Website/kintan-portfolio/_site/sem3-cs-courses/index.html[0m[0m
[33m                     - _pages/sem3-cs.md[0m
[33m                     - C:/Mikul/Website/kintan-portfolio/sem3-cs-courses/index.html[0m
[33m                    [0m
[33m          Conflict: The following destination is shared by multiple files.[0m
[33m                    The written file may end up with unexpected contents.[0m
[33m                    [36mC:/Mikul/Website/kintan-portfolio/_site/sem3-math-courses/index.html[0m[0m
[33m                     - _pages/sem3-math.md[0m
[33m                     - C:/Mikul/Website/kintan-portfolio/sem3-math-courses/index.html[0m
[33m                    [0m
[33m          Conflict: The following destination is shared by multiple files.[0m
[33m                    The written file may end up with unexpected contents.[0m
[33m                    [36mC:/Mikul/Website/kintan-portfolio/_site/sem4-cs-courses/index.html[0m[0m
[33m                     - _pages/sem4-cs.md[0m
[33m                     - C:/Mikul/Website/kintan-portfolio/sem4-cs-courses/index.html[0m
[33m                    [0m
[33m          Conflict: The following destination is shared by multiple files.[0m
[33m                    The written file may end up with unexpected contents.[0m
[33m                    [36mC:/Mikul/Website/kintan-portfolio/_site/sem4-math-courses/index.html[0m[0m
[33m                     - _pages/sem4-math.md[0m
[33m                     - C:/Mikul/Website/kintan-portfolio/sem4-math-courses/index.html[0m
[33m                    [0m
[33m          Conflict: The following destination is shared by multiple files.[0m
[33m                    The written file may end up with unexpected contents.[0m
[33m                    [36mC:/Mikul/Website/kintan-portfolio/_site/sem5-cs-courses/index.html[0m[0m
[33m                     - _pages/sem5-cs.md[0m
[33m                     - C:/Mikul/Website/kintan-portfolio/sem5-cs-courses/index.html[0m
[33m                    [0m
[33m          Conflict: The following destination is shared by multiple files.[0m
[33m                    The written file may end up with unexpected contents.[0m
[33m                    [36mC:/Mikul/Website/kintan-portfolio/_site/sem5-math-courses/index.html[0m[0m
[33m                     - _pages/sem5-math.md[0m
[33m                     - C:/Mikul/Website/kintan-portfolio/sem5-math-courses/index.html[0m
[33m                    [0m
[33m          Conflict: The following destination is shared by multiple files.[0m
[33m                    The written file may end up with unexpected contents.[0m
[33m                    [36mC:/Mikul/Website/kintan-portfolio/_site/skills/index.html[0m[0m
[33m                     - _pages/skills.md[0m
[33m                     - C:/Mikul/Website/kintan-portfolio/skills/index.html[0m
[33m                    [0m
[33m          Conflict: The following destination is shared by multiple files.[0m
[33m                    The written file may end up with unexpected contents.[0m
[33m                    [36mC:/Mikul/Website/kintan-portfolio/_site/assets/jupyter/blog.ipynb.html[0m[0m
[33m                     - assets/jupyter/blog.ipynb[0m
[33m                     - C:/Mikul/Website/kintan-portfolio/assets/jupyter/blog.ipynb.html[0m
[33m                    [0m
[33m          Conflict: The following destination is shared by multiple files.[0m
[33m                    The written file may end up with unexpected contents.[0m
[33m                    [36mC:/Mikul/Website/kintan-portfolio/_site/blog/2024/index.html[0m[0m
[33m                     - blog/2024/index.html[0m
[33m                     - C:/Mikul/Website/kintan-portfolio/blog/2024/index.html[0m
[33m                    [0m
[33m          Conflict: The following destination is shared by multiple files.[0m
[33m                    The written file may end up with unexpected contents.[0m
[33m                    [36mC:/Mikul/Website/kintan-portfolio/_site/blog/2025/index.html[0m[0m
[33m                     - blog/2025/index.html[0m
[33m                     - C:/Mikul/Website/kintan-portfolio/blog/2025/index.html[0m
[33m                    [0m
[33m          Conflict: The following destination is shared by multiple files.[0m
[33m                    The written file may end up with unexpected contents.[0m
[33m                    [36mC:/Mikul/Website/kintan-portfolio/_site/books/tag/top-100/index.html[0m[0m
[33m                     - books/tag/top-100/index.html[0m
[33m                     - C:/Mikul/Website/kintan-portfolio/books/tag/top-100/index.html[0m
[33m                    [0m
[33m          Conflict: The following destination is shared by multiple files.[0m
[33m                    The written file may end up with unexpected contents.[0m
[33m                    [36mC:/Mikul/Website/kintan-portfolio/_site/books/category/classics/index.html[0m[0m
[33m                     - books/category/classics/index.html[0m
[33m                     - C:/Mikul/Website/kintan-portfolio/books/category/classics/index.html[0m
[33m                    [0m
[33m          Conflict: The following destination is shared by multiple files.[0m
[33m                    The written file may end up with unexpected contents.[0m
[33m                    [36mC:/Mikul/Website/kintan-portfolio/_site/books/category/crime/index.html[0m[0m
[33m                     - books/category/crime/index.html[0m
[33m                     - C:/Mikul/Website/kintan-portfolio/books/category/crime/index.html[0m
[33m                    [0m
[33m          Conflict: The following destination is shared by multiple files.[0m
[33m                    The written file may end up with unexpected contents.[0m
[33m                    [36mC:/Mikul/Website/kintan-portfolio/_site/books/category/historical-fiction/index.html[0m[0m
[33m                     - books/category/historical-fiction/index.html[0m
[33m                     - C:/Mikul/Website/kintan-portfolio/books/category/historical-fiction/index.html[0m
[33m                    [0m
[33m          Conflict: The following destination is shared by multiple files.[0m
[33m                    The written file may end up with unexpected contents.[0m
[33m                    [36mC:/Mikul/Website/kintan-portfolio/_site/books/category/mystery/index.html[0m[0m
[33m                     - books/category/mystery/index.html[0m
[33m                     - C:/Mikul/Website/kintan-portfolio/books/category/mystery/index.html[0m
[33m                    [0m
[33m          Conflict: The following destination is shared by multiple files.[0m
[33m                    The written file may end up with unexpected contents.[0m
[33m                    [36mC:/Mikul/Website/kintan-portfolio/_site/books/category/novels/index.html[0m[0m
[33m                     - books/category/novels/index.html[0m
[33m                     - C:/Mikul/Website/kintan-portfolio/books/category/novels/index.html[0m
[33m                    [0m
[33m          Conflict: The following destination is shared by multiple files.[0m
[33m                    The written file may end up with unexpected contents.[0m
[33m                    [36mC:/Mikul/Website/kintan-portfolio/_site/books/category/thriller/index.html[0m[0m
[33m                     - books/category/thriller/index.html[0m
[33m                     - C:/Mikul/Website/kintan-portfolio/books/category/thriller/index.html[0m
[33m                    [0m
[33m          Conflict: The following destination is shared by multiple files.[0m
[33m                    The written file may end up with unexpected contents.[0m
[33m                    [36mC:/Mikul/Website/kintan-portfolio/_site/presentations/index.html[0m[0m
[33m                     - .html[0m
[33m                     - C:/Mikul/Website/kintan-portfolio/presentations/index.html[0m
[33m                    [0m
[33m          Conflict: The following destination is shared by multiple files.[0m
[33m                    The written file may end up with unexpected contents.[0m
[33m                    [36mC:/Mikul/Website/kintan-portfolio/_site/presentations/page/2/index.html[0m[0m
[33m                     - .html[0m
[33m                     - C:/Mikul/Website/kintan-portfolio/presentations/page/2/index.html[0m
[33m                    [0m
[33m          Conflict: The following destination is shared by multiple files.[0m
[33m                    The written file may end up with unexpected contents.[0m
[33m                    [36mC:/Mikul/Website/kintan-portfolio/_site/assets/css/main.css.map[0m[0m
[33m                     - assets/css/main.css.map[0m
[33m                     - C:/Mikul/Website/kintan-portfolio/assets/css/main.css.map[0m
[33m                    [0m
[33m          Conflict: The following destination is shared by multiple files.[0m
[33m                    The written file may end up with unexpected contents.[0m
[33m                    [36mC:/Mikul/Website/kintan-portfolio/_site/blog/2024/ACM-Compute/index.html[0m[0m
[33m                     - C:/Mikul/Website/kintan-portfolio/blog/2024/ACM-Compute/index.html[0m
[33m                     - C:/Mikul/Website/kintan-portfolio/_posts/2024-12-04-ACM Compute.md[0m
[33m                    [0m
[33m          Conflict: The following destination is shared by multiple files.[0m
[33m                    The written file may end up with unexpected contents.[0m
[33m                    [36mC:/Mikul/Website/kintan-portfolio/_site/blog/2024/RL-Spectral-Clustering/index.html[0m[0m
[33m                     - C:/Mikul/Website/kintan-portfolio/blog/2024/RL-Spectral-Clustering/index.html[0m
[33m                     - C:/Mikul/Website/kintan-portfolio/_posts/2024-10-20-RL-Spectral Clustering.md[0m
[33m                    [0m
[33m          Conflict: The following destination is shared by multiple files.[0m
[33m                    The written file may end up with unexpected contents.[0m
[33m                    [36mC:/Mikul/Website/kintan-portfolio/_site/blog/2025/3D-Scene-Representation/index.html[0m[0m
[33m                     - C:/Mikul/Website/kintan-portfolio/blog/2025/3D-Scene-Representation/index.html[0m
[33m                     - C:/Mikul/Website/kintan-portfolio/_posts/2025-05-19-3D Scene Representation.md[0m
[33m                    [0m
[33m          Conflict: The following destination is shared by multiple files.[0m
[33m                    The written file may end up with unexpected contents.[0m
[33m                    [36mC:/Mikul/Website/kintan-portfolio/_site/blog/2025/CI-Course-Project/index.html[0m[0m
[33m                     - C:/Mikul/Website/kintan-portfolio/blog/2025/CI-Course-Project/index.html[0m
[33m                     - C:/Mikul/Website/kintan-portfolio/_posts/2025-12-01-CI-Course Project.md[0m
[33m                    [0m
[33m          Conflict: The following destination is shared by multiple files.[0m
[33m                    The written file may end up with unexpected contents.[0m
[33m                    [36mC:/Mikul/Website/kintan-portfolio/_site/blog/2025/Diffusion-and-Flow-based-models/index.html[0m[0m
[33m                     - C:/Mikul/Website/kintan-portfolio/blog/2025/Diffusion-and-Flow-based-models/index.html[0m
[33m                     - C:/Mikul/Website/kintan-portfolio/_posts/2025-05-23-Diffusion and Flow based models.md[0m
[33m                    [0m
[33m          Conflict: The following destination is shared by multiple files.[0m
[33m                    The written file may end up with unexpected contents.[0m
[33m                    [36mC:/Mikul/Website/kintan-portfolio/_site/blog/2025/ICC/index.html[0m[0m
[33m                     - C:/Mikul/Website/kintan-portfolio/blog/2025/ICC/index.html[0m
[33m                     - C:/Mikul/Website/kintan-portfolio/_posts/2025-12-19-ICC.md[0m
[33m                    [0m
[33m          Conflict: The following destination is shared by multiple files.[0m
[33m                    The written file may end up with unexpected contents.[0m
[33m                    [36mC:/Mikul/Website/kintan-portfolio/_site/blog/2025/MAB-Course-Project/index.html[0m[0m
[33m                     - C:/Mikul/Website/kintan-portfolio/blog/2025/MAB-Course-Project/index.html[0m
[33m                     - C:/Mikul/Website/kintan-portfolio/_posts/2025-11-30-MAB-Course Project.md[0m
[33m                    [0m
[33m          Conflict: The following destination is shared by multiple files.[0m
[33m                    The written file may end up with unexpected contents.[0m
[33m                    [36mC:/Mikul/Website/kintan-portfolio/_site/blog/2025/RL-Course-Project/index.html[0m[0m
[33m                     - C:/Mikul/Website/kintan-portfolio/blog/2025/RL-Course-Project/index.html[0m
[33m                     - C:/Mikul/Website/kintan-portfolio/_posts/2025-04-14-RL-Course Project.md[0m
[33m                    [0m
[33m          Conflict: The following destination is shared by multiple files.[0m
[33m                    The written file may end up with unexpected contents.[0m
[33m                    [36mC:/Mikul/Website/kintan-portfolio/_site/blog/2025/RL-Structure-from-Motion/index.html[0m[0m
[33m                     - C:/Mikul/Website/kintan-portfolio/blog/2025/RL-Structure-from-Motion/index.html[0m
[33m                     - C:/Mikul/Website/kintan-portfolio/_posts/2025-06-01-RL-Structure-from-Motion.md[0m
[33m                    [0m
[33m          Conflict: The following destination is shared by multiple files.[0m
[33m                    The written file may end up with unexpected contents.[0m
[33m                    [36mC:/Mikul/Website/kintan-portfolio/_site/blog/2025/TSA-Course-Project/index.html[0m[0m
[33m                     - C:/Mikul/Website/kintan-portfolio/blog/2025/TSA-Course-Project/index.html[0m
[33m                     - C:/Mikul/Website/kintan-portfolio/_posts/2025-12-01-TSA-Course Project.md[0m
[33m                    [0m
[33m          Conflict: The following destination is shared by multiple files.[0m
[33m                    The written file may end up with unexpected contents.[0m
[33m                    [36mC:/Mikul/Website/kintan-portfolio/_site/blog/2025/Unsupervised-Domain-Adaptation/index.html[0m[0m
[33m                     - C:/Mikul/Website/kintan-portfolio/blog/2025/Unsupervised-Domain-Adaptation/index.html[0m
[33m                     - C:/Mikul/Website/kintan-portfolio/_posts/2025-04-14-Unsupervised Domain Adaptation.md[0m
[33m                    [0m
[33m          Conflict: The following destination is shared by multiple files.[0m
[33m                    The written file may end up with unexpected contents.[0m
[33m                    [36mC:/Mikul/Website/kintan-portfolio/_site/books/the_godfather/index.html[0m[0m
[33m                     - C:/Mikul/Website/kintan-portfolio/books/the_godfather/index.html[0m
[33m                     - C:/Mikul/Website/kintan-portfolio/_books/the_godfather.md[0m
[33m                    [0m
[33m          Conflict: The following destination is shared by multiple files.[0m
[33m                    The written file may end up with unexpected contents.[0m
[33m                    [36mC:/Mikul/Website/kintan-portfolio/_site/news/announcement_1/index.html[0m[0m
[33m                     - C:/Mikul/Website/kintan-portfolio/news/announcement_1/index.html[0m
[33m                     - C:/Mikul/Website/kintan-portfolio/_news/announcement_1.md[0m
[33m                    [0m
[33m          Conflict: The following destination is shared by multiple files.[0m
[33m                    The written file may end up with unexpected contents.[0m
[33m                    [36mC:/Mikul/Website/kintan-portfolio/_site/news/announcement_3/index.html[0m[0m
[33m                     - C:/Mikul/Website/kintan-portfolio/news/announcement_3/index.html[0m
[33m                     - C:/Mikul/Website/kintan-portfolio/_news/announcement_3.md[0m
[33m                    [0m
[33m          Conflict: The following destination is shared by multiple files.[0m
[33m                    The written file may end up with unexpected contents.[0m
[33m                    [36mC:/Mikul/Website/kintan-portfolio/_site/news/announcement_4/index.html[0m[0m
[33m                     - C:/Mikul/Website/kintan-portfolio/news/announcement_4/index.html[0m
[33m                     - C:/Mikul/Website/kintan-portfolio/_news/announcement_4.md[0m
[33m                    [0m
[33m          Conflict: The following destination is shared by multiple files.[0m
[33m                    The written file may end up with unexpected contents.[0m
[33m                    [36mC:/Mikul/Website/kintan-portfolio/_site/news/announcement_5/index.html[0m[0m
[33m                     - C:/Mikul/Website/kintan-portfolio/news/announcement_5/index.html[0m
[33m                     - C:/Mikul/Website/kintan-portfolio/_news/announcement_5.md[0m
[33m                    [0m
[33m          Conflict: The following destination is shared by multiple files.[0m
[33m                    The written file may end up with unexpected contents.[0m
[33m                    [36mC:/Mikul/Website/kintan-portfolio/_site/projects/1_project/index.html[0m[0m
[33m                     - C:/Mikul/Website/kintan-portfolio/projects/1_project/index.html[0m
[33m                     - C:/Mikul/Website/kintan-portfolio/_projects/1_project.md[0m
[33m                    [0m
[33m          Conflict: The following destination is shared by multiple files.[0m
[33m                    The written file may end up with unexpected contents.[0m
[33m                    [36mC:/Mikul/Website/kintan-portfolio/_site/projects/2_project/index.html[0m[0m
[33m                     - C:/Mikul/Website/kintan-portfolio/projects/2_project/index.html[0m
[33m                     - C:/Mikul/Website/kintan-portfolio/_projects/2_project.md[0m
[33m                    [0m
[33m          Conflict: The following destination is shared by multiple files.[0m
[33m                    The written file may end up with unexpected contents.[0m
[33m                    [36mC:/Mikul/Website/kintan-portfolio/_site/projects/3_project/index.html[0m[0m
[33m                     - C:/Mikul/Website/kintan-portfolio/projects/3_project/index.html[0m
[33m                     - C:/Mikul/Website/kintan-portfolio/_projects/3_project.md[0m
[33m                    [0m
[33m          Conflict: The following destination is shared by multiple files.[0m
[33m                    The written file may end up with unexpected contents.[0m
[33m                    [36mC:/Mikul/Website/kintan-portfolio/_site/projects/4_project/index.html[0m[0m
[33m                     - C:/Mikul/Website/kintan-portfolio/projects/4_project/index.html[0m
[33m                     - C:/Mikul/Website/kintan-portfolio/_projects/4_project.md[0m
[33m                    [0m
[33m          Conflict: The following destination is shared by multiple files.[0m
[33m                    The written file may end up with unexpected contents.[0m
[33m                    [36mC:/Mikul/Website/kintan-portfolio/_site/projects/5_project/index.html[0m[0m
[33m                     - C:/Mikul/Website/kintan-portfolio/projects/5_project/index.html[0m
[33m                     - C:/Mikul/Website/kintan-portfolio/_projects/5_project.md[0m
[33m                    [0m
[33m          Conflict: The following destination is shared by multiple files.[0m
[33m                    The written file may end up with unexpected contents.[0m
[33m                    [36mC:/Mikul/Website/kintan-portfolio/_site/projects/6_project/index.html[0m[0m
[33m                     - C:/Mikul/Website/kintan-portfolio/projects/6_project/index.html[0m
[33m                     - C:/Mikul/Website/kintan-portfolio/_projects/6_project.md[0m
[33m                    [0m
[33m          Conflict: The following destination is shared by multiple files.[0m
[33m                    The written file may end up with unexpected contents.[0m
[33m                    [36mC:/Mikul/Website/kintan-portfolio/_site/projects/7_project/index.html[0m[0m
[33m                     - C:/Mikul/Website/kintan-portfolio/projects/7_project/index.html[0m
[33m                     - C:/Mikul/Website/kintan-portfolio/_projects/7_project.md[0m
[33m                    [0m
[33m          Conflict: The following destination is shared by multiple files.[0m
[33m                    The written file may end up with unexpected contents.[0m
[33m                    [36mC:/Mikul/Website/kintan-portfolio/_site/projects/8_project/index.html[0m[0m
[33m                     - C:/Mikul/Website/kintan-portfolio/projects/8_project/index.html[0m
[33m                     - C:/Mikul/Website/kintan-portfolio/_projects/8_project.md[0m
[33m                    [0m
[33m          Conflict: The following destination is shared by multiple files.[0m
[33m                    The written file may end up with unexpected contents.[0m
[33m                    [36mC:/Mikul/Website/kintan-portfolio/_site/projects/9_project/index.html[0m[0m
[33m                     - C:/Mikul/Website/kintan-portfolio/projects/9_project/index.html[0m
[33m                     - C:/Mikul/Website/kintan-portfolio/_projects/9_project.md[0m
[33m                    [0m
Terser Exception: SyntaxError: Syntax error
Terser Exception: SyntaxError: Syntax error
Terser Exception: SyntaxError: Syntax error
Terser Exception: SyntaxError: Syntax error
Terser Exception: SyntaxError: Syntax error
Terser Exception: SyntaxError: Syntax error
Terser Exception: SyntaxError: Syntax error
Terser Exception: SyntaxError: Syntax error
Terser Exception: SyntaxError: Syntax error
Terser Exception: SyntaxError: Syntax error
Terser Exception: SyntaxError: Syntax error
Terser Exception: SyntaxError: Syntax error
Terser Exception: SyntaxError: Syntax error
Terser Exception: SyntaxError: Syntax error
Terser Exception: SyntaxError: Syntax error
Terser Exception: SyntaxError: Syntax error
Terser Exception: SyntaxError: Syntax error
Terser Exception: SyntaxError: Syntax error
Terser Exception: SyntaxError: Syntax error
Terser Exception: SyntaxError: Syntax error
Terser Exception: SyntaxError: Syntax error
Terser Exception: SyntaxError: Syntax error
Terser Exception: SyntaxError: Syntax error
Terser Exception: SyntaxError: Syntax error
Terser Exception: SyntaxError: Syntax error
Terser Exception: SyntaxError: Syntax error
Terser Exception: SyntaxError: Syntax error
Terser Exception: SyntaxError: Syntax error
Terser Exception: SyntaxError: Syntax error
Terser Exception: SyntaxError: Syntax error
Terser Exception: SyntaxError: Syntax error
Terser Exception: SyntaxError: Syntax error
Terser Exception: SyntaxError: Syntax error
                    done in 19.349 seconds.
 Auto-regeneration: disabled. Use --watch to enable.
